// Jest Snapshot v1, https://goo.gl/fbAQLP

exports[`FilmPopup tests render 1`] = `
<div>
  <div />
</div>
`;
