// Jest Snapshot v1, https://goo.gl/fbAQLP

exports[`FilmCard tests render 1`] = `
<div>
  <div
    class="card col-sm-4"
  >
    <div
      class="card"
    >
      <img
        alt="Card image cap"
        class="card-img-top"
        src="not_available.svg"
        width="100%"
      />
      <div
        class="card-body"
      >
        <div
          class="card-title"
        />
        <div
          class="card-subtitle"
        >
          15/05/2020
        </div>
      </div>
    </div>
  </div>
</div>
`;
